[22:33:56] ============================================================
[22:33:56] 학습 시작
[22:33:56] 출력 디렉터리: runs\exp01
[22:33:56] 디바이스: cpu
[22:33:56] 데이터셋 로딩 중...
[22:34:15] 정규화 통계 저장 완료: runs\exp01/norm_mean.npy, norm_std.npy
[22:34:15] 파라미터 수: 7,722,605
[22:34:15] 클래스 가중치 계산 중 (train set 전체 스캔)...
[22:34:23] 클래스 가중치: {'noise': '0.358', 'handbag': '0.919', 'handheld': '0.472', 'pocket': '0.648', 'running': '1.337', 'slow_walking': '1.855', 'trolley': '1.412'}
[22:34:25] ============================================================
[22:34:25] 총 100 epoch 학습 시작
[22:34:44]   Epoch 001 [  50/1245]  loss=-0.3280  reg=-0.6547  cls=1.0891  rmse=0.5195  acc=0.668  (19.7s)
[22:34:58]   Epoch 001 [ 100/1245]  loss=-0.6690  reg=-0.9429  cls=0.9129  rmse=0.5017  acc=0.707  (13.3s)
[22:35:11]   Epoch 001 [ 150/1245]  loss=-0.6767  reg=-0.9371  cls=0.8679  rmse=0.4960  acc=0.746  (13.5s)
[22:35:24]   Epoch 001 [ 200/1245]  loss=-0.7259  reg=-0.9762  cls=0.8344  rmse=0.5093  acc=0.734  (13.4s)
[22:35:38]   Epoch 001 [ 250/1245]  loss=-0.7828  reg=-1.0424  cls=0.8653  rmse=0.4839  acc=0.773  (13.4s)
[22:35:51]   Epoch 001 [ 300/1245]  loss=-0.8302  reg=-1.0820  cls=0.8395  rmse=0.4926  acc=0.738  (13.3s)
[22:36:04]   Epoch 001 [ 350/1245]  loss=-0.8494  reg=-1.0816  cls=0.7739  rmse=0.4823  acc=0.801  (13.3s)
[22:36:18]   Epoch 001 [ 400/1245]  loss=-0.8174  reg=-1.0566  cls=0.7971  rmse=0.4932  acc=0.809  (13.2s)
[22:36:31]   Epoch 001 [ 450/1245]  loss=-0.8209  reg=-1.0595  cls=0.7954  rmse=0.4834  acc=0.801  (13.3s)
[22:36:44]   Epoch 001 [ 500/1245]  loss=-0.8317  reg=-1.0754  cls=0.8121  rmse=0.4947  acc=0.797  (13.3s)
[22:36:57]   Epoch 001 [ 550/1245]  loss=-0.8736  reg=-1.1151  cls=0.8049  rmse=0.4922  acc=0.805  (13.2s)
[22:37:11]   Epoch 001 [ 600/1245]  loss=-0.8881  reg=-1.1135  cls=0.7512  rmse=0.4849  acc=0.812  (13.3s)
[22:37:24]   Epoch 001 [ 650/1245]  loss=-0.8671  reg=-1.0734  cls=0.6877  rmse=0.4857  acc=0.887  (13.2s)
[22:37:37]   Epoch 001 [ 700/1245]  loss=-0.8703  reg=-1.0930  cls=0.7425  rmse=0.4957  acc=0.891  (13.3s)
[22:37:51]   Epoch 001 [ 750/1245]  loss=-0.9163  reg=-1.1299  cls=0.7120  rmse=0.4857  acc=0.859  (13.5s)
[22:38:04]   Epoch 001 [ 800/1245]  loss=-0.8364  reg=-1.0646  cls=0.7607  rmse=0.4974  acc=0.863  (13.3s)
[22:38:17]   Epoch 001 [ 850/1245]  loss=-0.8902  reg=-1.1207  cls=0.7684  rmse=0.4895  acc=0.887  (13.3s)
[22:38:31]   Epoch 001 [ 900/1245]  loss=-0.9585  reg=-1.1665  cls=0.6931  rmse=0.4982  acc=0.891  (13.4s)
[22:38:44]   Epoch 001 [ 950/1245]  loss=-0.7545  reg=-0.9884  cls=0.7796  rmse=0.4897  acc=0.875  (13.3s)
[22:38:57]   Epoch 001 [1000/1245]  loss=-0.9749  reg=-1.1686  cls=0.6458  rmse=0.5007  acc=0.926  (13.2s)
[22:39:11]   Epoch 001 [1050/1245]  loss=-1.0381  reg=-1.2324  cls=0.6478  rmse=0.4795  acc=0.902  (13.3s)
[22:39:24]   Epoch 001 [1100/1245]  loss=-0.9092  reg=-1.1174  cls=0.6937  rmse=0.4806  acc=0.922  (13.6s)
[22:39:38]   Epoch 001 [1150/1245]  loss=-0.9181  reg=-1.1458  cls=0.7588  rmse=0.4910  acc=0.902  (13.4s)
[22:39:51]   Epoch 001 [1200/1245]  loss=-0.9840  reg=-1.1895  cls=0.6853  rmse=0.4862  acc=0.930  (13.7s)
[22:40:12] Epoch 001/100  lr=1.00e-03  train[loss=-0.6069  reg=-0.8526  cls=0.8188  rmse=0.4943]  val[loss=-0.9735  reg=-1.2432  rmse=0.4632  rmse_xyz=(0.4787,0.6406,0.0169)  acc=0.894]  (347.6s)
[22:40:12]   체크포인트 저장: runs\exp01\checkpoints\best.pth
[22:40:32]   Epoch 002 [  50/1245]  loss=-0.9442  reg=-1.1477  cls=0.6784  rmse=0.4903  acc=0.922  (19.6s)
[22:40:45]   Epoch 002 [ 100/1245]  loss=-0.9150  reg=-1.1251  cls=0.7003  rmse=0.4935  acc=0.934  (13.4s)
[22:40:59]   Epoch 002 [ 150/1245]  loss=-0.9361  reg=-1.1259  cls=0.6325  rmse=0.4922  acc=0.930  (13.3s)
[22:41:12]   Epoch 002 [ 200/1245]  loss=-0.9804  reg=-1.1871  cls=0.6889  rmse=0.5013  acc=0.918  (13.4s)
[22:41:25]   Epoch 002 [ 250/1245]  loss=-0.8772  reg=-1.0816  cls=0.6812  rmse=0.5080  acc=0.922  (13.3s)
[22:41:39]   Epoch 002 [ 300/1245]  loss=-0.9586  reg=-1.1735  cls=0.7165  rmse=0.5000  acc=0.922  (13.3s)
[22:41:52]   Epoch 002 [ 350/1245]  loss=-1.0046  reg=-1.2112  cls=0.6887  rmse=0.4923  acc=0.930  (13.7s)
[22:42:05]   Epoch 002 [ 400/1245]  loss=-0.9879  reg=-1.2064  cls=0.7284  rmse=0.4862  acc=0.887  (13.2s)
[22:42:19]   Epoch 002 [ 450/1245]  loss=-0.9182  reg=-1.1402  cls=0.7402  rmse=0.4823  acc=0.914  (13.5s)
[22:42:32]   Epoch 002 [ 500/1245]  loss=-0.8609  reg=-1.0794  cls=0.7284  rmse=0.4848  acc=0.895  (13.5s)
[22:42:46]   Epoch 002 [ 550/1245]  loss=-0.9849  reg=-1.1851  cls=0.6672  rmse=0.4913  acc=0.934  (13.5s)
[22:42:59]   Epoch 002 [ 600/1245]  loss=-0.9823  reg=-1.1750  cls=0.6421  rmse=0.5037  acc=0.949  (13.3s)
[22:43:13]   Epoch 002 [ 650/1245]  loss=-0.8892  reg=-1.0813  cls=0.6404  rmse=0.4976  acc=0.930  (13.4s)
[22:43:26]   Epoch 002 [ 700/1245]  loss=-1.0247  reg=-1.2251  cls=0.6678  rmse=0.4886  acc=0.938  (13.4s)
[22:43:39]   Epoch 002 [ 750/1245]  loss=-0.9998  reg=-1.1849  cls=0.6172  rmse=0.4854  acc=0.953  (13.2s)
[22:43:52]   Epoch 002 [ 800/1245]  loss=-0.9865  reg=-1.1864  cls=0.6665  rmse=0.5061  acc=0.918  (13.2s)
[22:44:06]   Epoch 002 [ 850/1245]  loss=-1.0011  reg=-1.2028  cls=0.6725  rmse=0.4838  acc=0.949  (13.3s)
[22:44:19]   Epoch 002 [ 900/1245]  loss=-1.0268  reg=-1.2082  cls=0.6048  rmse=0.4883  acc=0.957  (13.3s)
[22:44:32]   Epoch 002 [ 950/1245]  loss=-0.9563  reg=-1.1574  cls=0.6702  rmse=0.5001  acc=0.930  (12.4s)
[22:44:44]   Epoch 002 [1000/1245]  loss=-1.0444  reg=-1.2370  cls=0.6420  rmse=0.4922  acc=0.938  (12.4s)
[22:44:56]   Epoch 002 [1050/1245]  loss=-1.0205  reg=-1.2191  cls=0.6618  rmse=0.4947  acc=0.949  (12.2s)
[22:45:08]   Epoch 002 [1100/1245]  loss=-0.9778  reg=-1.1637  cls=0.6195  rmse=0.5375  acc=0.969  (12.2s)
[22:45:21]   Epoch 002 [1150/1245]  loss=-1.0062  reg=-1.1953  cls=0.6303  rmse=0.4865  acc=0.934  (12.2s)
[22:45:33]   Epoch 002 [1200/1245]  loss=-1.0295  reg=-1.2335  cls=0.6802  rmse=0.5001  acc=0.934  (12.1s)
[22:45:52] Epoch 002/100  lr=9.99e-04  train[loss=-0.9582  reg=-1.1636  cls=0.6845  rmse=0.4916]  val[loss=-1.0594  reg=-1.3087  rmse=0.4624  rmse_xyz=(0.4806,0.6375,0.0170)  acc=0.917]  (340.0s)
[22:45:52]   체크포인트 저장: runs\exp01\checkpoints\best.pth
[22:46:11]   Epoch 003 [  50/1245]  loss=-1.0106  reg=-1.2032  cls=0.6420  rmse=0.4906  acc=0.926  (19.0s)
[22:46:24]   Epoch 003 [ 100/1245]  loss=-1.0215  reg=-1.1972  cls=0.5858  rmse=0.4785  acc=0.957  (12.3s)
[22:46:36]   Epoch 003 [ 150/1245]  loss=-1.0200  reg=-1.2080  cls=0.6267  rmse=0.4829  acc=0.961  (12.4s)
[22:46:48]   Epoch 003 [ 200/1245]  loss=-1.0056  reg=-1.2112  cls=0.6853  rmse=0.4854  acc=0.945  (12.1s)
[22:47:01]   Epoch 003 [ 250/1245]  loss=-1.0479  reg=-1.2364  cls=0.6280  rmse=0.4874  acc=0.949  (12.3s)
[22:47:13]   Epoch 003 [ 300/1245]  loss=-1.0925  reg=-1.2867  cls=0.6472  rmse=0.4718  acc=0.957  (12.2s)
[22:47:25]   Epoch 003 [ 350/1245]  loss=-1.0477  reg=-1.2385  cls=0.6359  rmse=0.4881  acc=0.961  (12.3s)
[22:47:37]   Epoch 003 [ 400/1245]  loss=-1.0772  reg=-1.2687  cls=0.6382  rmse=0.4959  acc=0.930  (12.1s)
[22:47:49]   Epoch 003 [ 450/1245]  loss=-0.9802  reg=-1.1654  cls=0.6175  rmse=0.5050  acc=0.922  (12.1s)
[22:48:01]   Epoch 003 [ 500/1245]  loss=-1.0129  reg=-1.2027  cls=0.6326  rmse=0.4859  acc=0.941  (12.1s)
[22:48:13]   Epoch 003 [ 550/1245]  loss=-0.8854  reg=-1.1031  cls=0.7257  rmse=0.5006  acc=0.930  (12.1s)
[22:48:26]   Epoch 003 [ 600/1245]  loss=-1.0297  reg=-1.2204  cls=0.6360  rmse=0.4847  acc=0.938  (12.3s)
[22:48:38]   Epoch 003 [ 650/1245]  loss=-1.0472  reg=-1.2365  cls=0.6309  rmse=0.4951  acc=0.969  (12.6s)
[22:48:51]   Epoch 003 [ 700/1245]  loss=-1.0406  reg=-1.2395  cls=0.6630  rmse=0.4881  acc=0.953  (12.3s)
[22:49:03]   Epoch 003 [ 750/1245]  loss=-1.0446  reg=-1.2366  cls=0.6400  rmse=0.4902  acc=0.945  (12.2s)
[22:49:15]   Epoch 003 [ 800/1245]  loss=-0.9884  reg=-1.1853  cls=0.6564  rmse=0.4963  acc=0.941  (12.3s)
[22:49:27]   Epoch 003 [ 850/1245]  loss=-1.0988  reg=-1.3004  cls=0.6721  rmse=0.4760  acc=0.938  (12.1s)
[22:49:39]   Epoch 003 [ 900/1245]  loss=-0.9968  reg=-1.1964  cls=0.6652  rmse=0.4794  acc=0.922  (12.1s)
[22:49:52]   Epoch 003 [ 950/1245]  loss=-1.0032  reg=-1.1864  cls=0.6107  rmse=0.4963  acc=0.961  (12.3s)
[22:50:04]   Epoch 003 [1000/1245]  loss=-1.0718  reg=-1.2554  cls=0.6120  rmse=0.4776  acc=0.934  (12.1s)
[22:50:16]   Epoch 003 [1050/1245]  loss=-1.0745  reg=-1.2487  cls=0.5809  rmse=0.5052  acc=0.965  (12.2s)
[22:50:28]   Epoch 003 [1100/1245]  loss=-0.9909  reg=-1.1789  cls=0.6267  rmse=0.5073  acc=0.938  (12.2s)
[22:50:40]   Epoch 003 [1150/1245]  loss=-0.9877  reg=-1.1883  cls=0.6688  rmse=0.4988  acc=0.941  (12.2s)
[22:50:53]   Epoch 003 [1200/1245]  loss=-1.0345  reg=-1.2110  cls=0.5882  rmse=0.5020  acc=0.984  (12.2s)
[22:51:13] Epoch 003/100  lr=9.98e-04  train[loss=-1.0074  reg=-1.2008  cls=0.6447  rmse=0.4915]  val[loss=-0.9756  reg=-1.2081  rmse=0.4627  rmse_xyz=(0.4810,0.6377,0.0215)  acc=0.943]  (320.2s)
[22:51:31]   Epoch 004 [  50/1245]  loss=-1.0445  reg=-1.2431  cls=0.6621  rmse=0.4926  acc=0.953  (18.5s)
[22:51:43]   Epoch 004 [ 100/1245]  loss=-1.0554  reg=-1.2565  cls=0.6702  rmse=0.4894  acc=0.941  (12.3s)
[22:51:56]   Epoch 004 [ 150/1245]  loss=-1.1010  reg=-1.2901  cls=0.6301  rmse=0.4808  acc=0.953  (12.3s)
[22:52:08]   Epoch 004 [ 200/1245]  loss=-1.1238  reg=-1.3082  cls=0.6149  rmse=0.4867  acc=0.957  (12.2s)
[22:52:20]   Epoch 004 [ 250/1245]  loss=-1.0030  reg=-1.1966  cls=0.6455  rmse=0.4992  acc=0.961  (12.4s)
[22:52:32]   Epoch 004 [ 300/1245]  loss=-1.0602  reg=-1.2491  cls=0.6297  rmse=0.4993  acc=0.980  (12.1s)
[22:52:45]   Epoch 004 [ 350/1245]  loss=-1.0211  reg=-1.2024  cls=0.6042  rmse=0.4800  acc=0.945  (12.1s)
[22:52:57]   Epoch 004 [ 400/1245]  loss=-1.0737  reg=-1.2557  cls=0.6067  rmse=0.4814  acc=0.953  (12.3s)
[22:53:09]   Epoch 004 [ 450/1245]  loss=-1.0369  reg=-1.2018  cls=0.5498  rmse=0.4899  acc=0.961  (12.5s)
[22:53:22]   Epoch 004 [ 500/1245]  loss=-0.9742  reg=-1.1521  cls=0.5928  rmse=0.4853  acc=0.957  (12.6s)
[22:53:35]   Epoch 004 [ 550/1245]  loss=-1.0690  reg=-1.2493  cls=0.6012  rmse=0.4935  acc=0.961  (12.6s)
[22:53:47]   Epoch 004 [ 600/1245]  loss=-1.0651  reg=-1.2520  cls=0.6228  rmse=0.4953  acc=0.965  (12.3s)
[22:54:00]   Epoch 004 [ 650/1245]  loss=-1.0419  reg=-1.2205  cls=0.5952  rmse=0.4970  acc=0.977  (12.7s)
[22:54:12]   Epoch 004 [ 700/1245]  loss=-1.0480  reg=-1.2425  cls=0.6485  rmse=0.4821  acc=0.949  (12.6s)
[22:54:25]   Epoch 004 [ 750/1245]  loss=-1.0460  reg=-1.2251  cls=0.5968  rmse=0.4962  acc=0.980  (12.7s)
[22:54:38]   Epoch 004 [ 800/1245]  loss=-1.0470  reg=-1.2346  cls=0.6255  rmse=0.4851  acc=0.961  (12.6s)
[22:54:50]   Epoch 004 [ 850/1245]  loss=-1.0872  reg=-1.2687  cls=0.6048  rmse=0.4904  acc=0.973  (12.7s)
[22:55:03]   Epoch 004 [ 900/1245]  loss=-1.0228  reg=-1.2201  cls=0.6578  rmse=0.4879  acc=0.949  (12.5s)
[22:55:15]   Epoch 004 [ 950/1245]  loss=-1.0161  reg=-1.2004  cls=0.6143  rmse=0.4867  acc=0.973  (12.5s)
[22:55:28]   Epoch 004 [1000/1245]  loss=-1.0345  reg=-1.2176  cls=0.6105  rmse=0.4966  acc=0.965  (12.7s)
[22:55:41]   Epoch 004 [1050/1245]  loss=-1.0878  reg=-1.2623  cls=0.5818  rmse=0.4776  acc=0.949  (12.8s)
[22:55:53]   Epoch 004 [1100/1245]  loss=-1.0115  reg=-1.1959  cls=0.6145  rmse=0.4968  acc=0.969  (12.4s)
[22:56:05]   Epoch 004 [1150/1245]  loss=-0.9816  reg=-1.1722  cls=0.6352  rmse=0.4795  acc=0.941  (12.3s)
[22:56:18]   Epoch 004 [1200/1245]  loss=-1.0891  reg=-1.2717  cls=0.6089  rmse=0.4770  acc=0.957  (12.2s)
[22:56:38] Epoch 004/100  lr=9.96e-04  train[loss=-1.0424  reg=-1.2293  cls=0.6231  rmse=0.4913]  val[loss=-1.1109  reg=-1.3474  rmse=0.4616  rmse_xyz=(0.4784,0.6373,0.0163)  acc=0.939]  (325.0s)
[22:56:38]   체크포인트 저장: runs\exp01\checkpoints\best.pth
[22:56:56]   Epoch 005 [  50/1245]  loss=-1.1239  reg=-1.3100  cls=0.6202  rmse=0.4886  acc=0.949  (18.8s)
[22:57:09]   Epoch 005 [ 100/1245]  loss=-1.0700  reg=-1.2406  cls=0.5687  rmse=0.4990  acc=0.984  (12.5s)
[22:57:22]   Epoch 005 [ 150/1245]  loss=-1.0976  reg=-1.2697  cls=0.5738  rmse=0.4992  acc=0.973  (12.5s)
[22:57:34]   Epoch 005 [ 200/1245]  loss=-1.1177  reg=-1.3049  cls=0.6241  rmse=0.4738  acc=0.957  (12.3s)
[22:57:46]   Epoch 005 [ 250/1245]  loss=-1.0135  reg=-1.2004  cls=0.6232  rmse=0.4852  acc=0.969  (12.4s)
[22:57:59]   Epoch 005 [ 300/1245]  loss=-1.0986  reg=-1.2769  cls=0.5944  rmse=0.4957  acc=0.969  (12.4s)
[22:58:11]   Epoch 005 [ 350/1245]  loss=-1.0465  reg=-1.2282  cls=0.6059  rmse=0.4761  acc=0.973  (12.3s)
[22:58:23]   Epoch 005 [ 400/1245]  loss=-1.0308  reg=-1.2130  cls=0.6073  rmse=0.4811  acc=0.965  (12.5s)
[22:58:36]   Epoch 005 [ 450/1245]  loss=-1.0567  reg=-1.2427  cls=0.6199  rmse=0.5013  acc=0.957  (12.5s)
[22:58:48]   Epoch 005 [ 500/1245]  loss=-1.0773  reg=-1.2563  cls=0.5966  rmse=0.4824  acc=0.980  (12.4s)
[22:59:01]   Epoch 005 [ 550/1245]  loss=-1.0712  reg=-1.2532  cls=0.6067  rmse=0.4857  acc=0.961  (12.4s)
[22:59:13]   Epoch 005 [ 600/1245]  loss=-1.0285  reg=-1.2002  cls=0.5722  rmse=0.4931  acc=0.969  (12.3s)
[22:59:25]   Epoch 005 [ 650/1245]  loss=-1.1246  reg=-1.3061  cls=0.6050  rmse=0.4772  acc=0.957  (12.3s)
[22:59:38]   Epoch 005 [ 700/1245]  loss=-1.0474  reg=-1.2518  cls=0.6812  rmse=0.4876  acc=0.949  (12.4s)
[22:59:50]   Epoch 005 [ 750/1245]  loss=-1.0931  reg=-1.2602  cls=0.5573  rmse=0.4811  acc=0.980  (12.4s)
[23:00:02]   Epoch 005 [ 800/1245]  loss=-1.0906  reg=-1.2804  cls=0.6328  rmse=0.4915  acc=0.945  (12.3s)
[23:00:15]   Epoch 005 [ 850/1245]  loss=-0.9753  reg=-1.1554  cls=0.6004  rmse=0.4870  acc=0.941  (12.3s)
[23:00:27]   Epoch 005 [ 900/1245]  loss=-1.0383  reg=-1.2195  cls=0.6040  rmse=0.5010  acc=0.961  (12.2s)
[23:00:39]   Epoch 005 [ 950/1245]  loss=-1.0737  reg=-1.2674  cls=0.6457  rmse=0.4814  acc=0.949  (12.3s)
[23:00:51]   Epoch 005 [1000/1245]  loss=-1.0642  reg=-1.2421  cls=0.5928  rmse=0.4893  acc=0.969  (12.3s)
[23:01:04]   Epoch 005 [1050/1245]  loss=-1.0928  reg=-1.2817  cls=0.6295  rmse=0.4724  acc=0.961  (12.3s)
[23:01:16]   Epoch 005 [1100/1245]  loss=-1.0558  reg=-1.2275  cls=0.5722  rmse=0.4920  acc=0.961  (12.5s)
[23:01:29]   Epoch 005 [1150/1245]  loss=-1.0307  reg=-1.2196  cls=0.6297  rmse=0.4844  acc=0.957  (12.4s)
[23:01:41]   Epoch 005 [1200/1245]  loss=-1.0746  reg=-1.2603  cls=0.6189  rmse=0.4904  acc=0.965  (12.4s)
[23:02:01] Epoch 005/100  lr=9.94e-04  train[loss=-1.0528  reg=-1.2380  cls=0.6174  rmse=0.4913]  val[loss=-1.0710  reg=-1.3016  rmse=0.4617  rmse_xyz=(0.4782,0.6377,0.0166)  acc=0.948]  (323.6s)
[23:02:01]   per-class acc: noise=0.914  handbag=0.928  handheld=0.947  pocket=0.960  running=0.985  slow_walking=0.971  trolley=1.000
[23:02:20]   Epoch 006 [  50/1245]  loss=-1.0382  reg=-1.2361  cls=0.6599  rmse=0.4763  acc=0.961  (18.7s)
[23:02:32]   Epoch 006 [ 100/1245]  loss=-1.0252  reg=-1.2079  cls=0.6090  rmse=0.4952  acc=0.980  (12.4s)
[23:02:45]   Epoch 006 [ 150/1245]  loss=-1.0659  reg=-1.2454  cls=0.5983  rmse=0.4871  acc=0.980  (12.6s)
[23:02:58]   Epoch 006 [ 200/1245]  loss=-1.0408  reg=-1.2268  cls=0.6199  rmse=0.4928  acc=0.953  (13.1s)
[23:03:11]   Epoch 006 [ 250/1245]  loss=-1.0311  reg=-1.2173  cls=0.6208  rmse=0.4825  acc=0.961  (12.7s)
[23:03:23]   Epoch 006 [ 300/1245]  loss=-1.0263  reg=-1.2039  cls=0.5919  rmse=0.5041  acc=0.980  (12.5s)
[23:03:36]   Epoch 006 [ 350/1245]  loss=-1.0922  reg=-1.2835  cls=0.6378  rmse=0.4849  acc=0.957  (12.3s)
[23:03:48]   Epoch 006 [ 400/1245]  loss=-1.0911  reg=-1.2744  cls=0.6111  rmse=0.4741  acc=0.969  (12.3s)
[23:04:00]   Epoch 006 [ 450/1245]  loss=-1.1068  reg=-1.2932  cls=0.6213  rmse=0.4762  acc=0.953  (12.4s)
[23:04:12]   Epoch 006 [ 500/1245]  loss=-1.0582  reg=-1.2442  cls=0.6198  rmse=0.4832  acc=0.961  (12.2s)
[23:04:25]   Epoch 006 [ 550/1245]  loss=-1.0208  reg=-1.2024  cls=0.6054  rmse=0.4965  acc=0.977  (12.1s)
[23:04:37]   Epoch 006 [ 600/1245]  loss=-1.1386  reg=-1.3133  cls=0.5825  rmse=0.4796  acc=0.977  (12.6s)
[23:04:50]   Epoch 006 [ 650/1245]  loss=-1.1079  reg=-1.2808  cls=0.5764  rmse=0.4827  acc=0.973  (12.9s)
[23:05:02]   Epoch 006 [ 700/1245]  loss=-1.0957  reg=-1.2886  cls=0.6428  rmse=0.4814  acc=0.953  (12.2s)
[23:05:15]   Epoch 006 [ 750/1245]  loss=-1.0214  reg=-1.2069  cls=0.6181  rmse=0.4860  acc=0.961  (12.5s)
[23:05:27]   Epoch 006 [ 800/1245]  loss=-1.1239  reg=-1.3153  cls=0.6381  rmse=0.4822  acc=0.961  (12.4s)
[23:05:39]   Epoch 006 [ 850/1245]  loss=-1.1440  reg=-1.3298  cls=0.6193  rmse=0.4689  acc=0.961  (12.2s)
[23:05:52]   Epoch 006 [ 900/1245]  loss=-1.1597  reg=-1.3306  cls=0.5698  rmse=0.4948  acc=0.980  (12.1s)
[23:06:04]   Epoch 006 [ 950/1245]  loss=-0.9952  reg=-1.1904  cls=0.6507  rmse=0.4831  acc=0.934  (12.3s)
[23:06:16]   Epoch 006 [1000/1245]  loss=-1.0997  reg=-1.2902  cls=0.6350  rmse=0.4765  acc=0.949  (12.2s)
[23:06:28]   Epoch 006 [1050/1245]  loss=-1.1097  reg=-1.2948  cls=0.6168  rmse=0.4832  acc=0.969  (12.3s)
[23:06:41]   Epoch 006 [1100/1245]  loss=-1.0800  reg=-1.2650  cls=0.6166  rmse=0.4728  acc=0.953  (12.5s)
[23:06:54]   Epoch 006 [1150/1245]  loss=-1.0149  reg=-1.2135  cls=0.6620  rmse=0.4951  acc=0.961  (12.7s)
[23:07:06]   Epoch 006 [1200/1245]  loss=-1.0764  reg=-1.2686  cls=0.6408  rmse=0.4913  acc=0.945  (12.7s)
[23:07:27] Epoch 006/100  lr=9.91e-04  train[loss=-1.0691  reg=-1.2525  cls=0.6112  rmse=0.4910]  val[loss=-1.1453  reg=-1.3740  rmse=0.4615  rmse_xyz=(0.4780,0.6374,0.0155)  acc=0.948]  (325.8s)
[23:07:27]   체크포인트 저장: runs\exp01\checkpoints\best.pth
[23:07:47]   Epoch 007 [  50/1245]  loss=-1.1554  reg=-1.3276  cls=0.5738  rmse=0.4764  acc=0.977  (19.5s)
[23:08:00]   Epoch 007 [ 100/1245]  loss=-1.1281  reg=-1.3078  cls=0.5989  rmse=0.4729  acc=0.984  (12.9s)
[23:08:13]   Epoch 007 [ 150/1245]  loss=-1.0924  reg=-1.2857  cls=0.6442  rmse=0.4923  acc=0.957  (13.0s)
[23:08:26]   Epoch 007 [ 200/1245]  loss=-1.1330  reg=-1.3147  cls=0.6055  rmse=0.4950  acc=0.973  (13.0s)
[23:08:39]   Epoch 007 [ 250/1245]  loss=-1.0662  reg=-1.2527  cls=0.6216  rmse=0.4855  acc=0.973  (13.1s)
[23:08:52]   Epoch 007 [ 300/1245]  loss=-1.1627  reg=-1.3325  cls=0.5660  rmse=0.4888  acc=0.969  (13.3s)
[23:09:04]   Epoch 007 [ 350/1245]  loss=-1.1036  reg=-1.2825  cls=0.5962  rmse=0.5017  acc=0.977  (12.5s)
[23:09:17]   Epoch 007 [ 400/1245]  loss=-1.1047  reg=-1.2942  cls=0.6316  rmse=0.5001  acc=0.961  (12.9s)
[23:09:30]   Epoch 007 [ 450/1245]  loss=-1.0682  reg=-1.2544  cls=0.6206  rmse=0.4891  acc=0.969  (12.8s)
[23:09:43]   Epoch 007 [ 500/1245]  loss=-0.9818  reg=-1.1798  cls=0.6600  rmse=0.4932  acc=0.969  (12.7s)
[23:09:55]   Epoch 007 [ 550/1245]  loss=-1.0567  reg=-1.2414  cls=0.6157  rmse=0.4888  acc=0.953  (12.6s)
[23:10:08]   Epoch 007 [ 600/1245]  loss=-1.1195  reg=-1.3016  cls=0.6069  rmse=0.4743  acc=0.973  (12.7s)
[23:10:21]   Epoch 007 [ 650/1245]  loss=-1.1954  reg=-1.3753  cls=0.5996  rmse=0.4748  acc=0.965  (12.6s)
[23:10:33]   Epoch 007 [ 700/1245]  loss=-1.0840  reg=-1.2582  cls=0.5807  rmse=0.4918  acc=0.977  (12.4s)
[23:10:45]   Epoch 007 [ 750/1245]  loss=-1.0941  reg=-1.2615  cls=0.5578  rmse=0.4905  acc=0.984  (12.3s)
[23:10:58]   Epoch 007 [ 800/1245]  loss=-1.0920  reg=-1.2662  cls=0.5806  rmse=0.4842  acc=0.973  (12.5s)
[23:11:10]   Epoch 007 [ 850/1245]  loss=-1.0601  reg=-1.2387  cls=0.5952  rmse=0.4994  acc=0.980  (12.5s)
[23:11:23]   Epoch 007 [ 900/1245]  loss=-1.0315  reg=-1.2061  cls=0.5820  rmse=0.4879  acc=0.984  (12.4s)
[23:11:36]   Epoch 007 [ 950/1245]  loss=-1.1315  reg=-1.3112  cls=0.5990  rmse=0.4806  acc=0.977  (12.8s)
[23:11:48]   Epoch 007 [1000/1245]  loss=-1.1028  reg=-1.2798  cls=0.5898  rmse=0.4903  acc=0.988  (12.8s)
[23:12:01]   Epoch 007 [1050/1245]  loss=-1.1249  reg=-1.3086  cls=0.6124  rmse=0.4896  acc=0.984  (12.4s)
[23:12:13]   Epoch 007 [1100/1245]  loss=-1.1218  reg=-1.3003  cls=0.5950  rmse=0.4925  acc=0.980  (12.6s)
[23:12:26]   Epoch 007 [1150/1245]  loss=-1.0853  reg=-1.2896  cls=0.6811  rmse=0.4881  acc=0.965  (12.5s)
[23:12:39]   Epoch 007 [1200/1245]  loss=-1.1321  reg=-1.3155  cls=0.6116  rmse=0.4810  acc=0.980  (12.7s)
[23:12:59] Epoch 007/100  lr=9.88e-04  train[loss=-1.0881  reg=-1.2689  cls=0.6026  rmse=0.4908]  val[loss=-1.1461  reg=-1.3780  rmse=0.4617  rmse_xyz=(0.4786,0.6374,0.0152)  acc=0.944]  (332.2s)
[23:12:59]   체크포인트 저장: runs\exp01\checkpoints\best.pth
[23:13:19]   Epoch 008 [  50/1245]  loss=-1.1308  reg=-1.3009  cls=0.5670  rmse=0.5051  acc=0.977  (19.6s)
[23:13:32]   Epoch 008 [ 100/1245]  loss=-1.0693  reg=-1.2579  cls=0.6287  rmse=0.4810  acc=0.973  (13.3s)
[23:13:46]   Epoch 008 [ 150/1245]  loss=-1.0810  reg=-1.2678  cls=0.6227  rmse=0.5036  acc=0.977  (13.3s)
[23:13:59]   Epoch 008 [ 200/1245]  loss=-1.1231  reg=-1.2967  cls=0.5787  rmse=0.4869  acc=0.973  (13.2s)
[23:14:12]   Epoch 008 [ 250/1245]  loss=-1.1388  reg=-1.3167  cls=0.5929  rmse=0.4859  acc=0.988  (13.2s)
[23:14:25]   Epoch 008 [ 300/1245]  loss=-1.0961  reg=-1.2750  cls=0.5964  rmse=0.4776  acc=0.965  (13.3s)
[23:14:39]   Epoch 008 [ 350/1245]  loss=-1.1053  reg=-1.2914  cls=0.6203  rmse=0.4849  acc=0.957  (13.2s)
[23:14:52]   Epoch 008 [ 400/1245]  loss=-1.0582  reg=-1.2370  cls=0.5959  rmse=0.4809  acc=0.969  (13.1s)
[23:15:05]   Epoch 008 [ 450/1245]  loss=-1.1238  reg=-1.3003  cls=0.5886  rmse=0.4856  acc=0.973  (13.2s)
[23:15:18]   Epoch 008 [ 500/1245]  loss=-1.1534  reg=-1.3206  cls=0.5571  rmse=0.4744  acc=0.984  (13.2s)
[23:15:31]   Epoch 008 [ 550/1245]  loss=-1.0803  reg=-1.2566  cls=0.5877  rmse=0.4888  acc=0.977  (13.2s)
[23:15:45]   Epoch 008 [ 600/1245]  loss=-1.1344  reg=-1.3083  cls=0.5798  rmse=0.5006  acc=0.984  (13.4s)
[23:15:58]   Epoch 008 [ 650/1245]  loss=-1.0657  reg=-1.2350  cls=0.5643  rmse=0.4703  acc=0.977  (13.3s)
[23:16:11]   Epoch 008 [ 700/1245]  loss=-1.1211  reg=-1.2941  cls=0.5768  rmse=0.5018  acc=0.977  (13.2s)
[23:16:25]   Epoch 008 [ 750/1245]  loss=-1.0940  reg=-1.2654  cls=0.5713  rmse=0.4928  acc=0.980  (13.3s)
[23:16:38]   Epoch 008 [ 800/1245]  loss=-1.1238  reg=-1.2949  cls=0.5702  rmse=0.4748  acc=0.984  (13.2s)
[23:16:51]   Epoch 008 [ 850/1245]  loss=-1.1013  reg=-1.2707  cls=0.5648  rmse=0.4950  acc=0.992  (13.2s)
[23:17:04]   Epoch 008 [ 900/1245]  loss=-1.0871  reg=-1.2764  cls=0.6312  rmse=0.4817  acc=0.977  (13.4s)
[23:17:18]   Epoch 008 [ 950/1245]  loss=-1.0779  reg=-1.2579  cls=0.6000  rmse=0.4852  acc=0.965  (13.4s)
[23:17:31]   Epoch 008 [1000/1245]  loss=-1.1042  reg=-1.2821  cls=0.5929  rmse=0.4801  acc=0.961  (13.3s)
[23:17:44]   Epoch 008 [1050/1245]  loss=-1.0719  reg=-1.2602  cls=0.6278  rmse=0.4892  acc=0.977  (13.3s)
[23:17:58]   Epoch 008 [1100/1245]  loss=-1.0985  reg=-1.2766  cls=0.5936  rmse=0.4845  acc=0.980  (13.5s)
[23:18:11]   Epoch 008 [1150/1245]  loss=-1.0490  reg=-1.2354  cls=0.6213  rmse=0.4885  acc=0.957  (13.4s)
[23:18:25]   Epoch 008 [1200/1245]  loss=-1.1425  reg=-1.3211  cls=0.5953  rmse=0.4739  acc=0.969  (13.3s)
[23:18:46] Epoch 008/100  lr=9.84e-04  train[loss=-1.0999  reg=-1.2792  cls=0.5979  rmse=0.4905]  val[loss=-1.1247  reg=-1.3541  rmse=0.4624  rmse_xyz=(0.4775,0.6398,0.0168)  acc=0.952]  (346.2s)
[23:19:05]   Epoch 009 [  50/1245]  loss=-1.1501  reg=-1.3358  cls=0.6187  rmse=0.4857  acc=0.977  (19.5s)
[23:19:18]   Epoch 009 [ 100/1245]  loss=-1.1102  reg=-1.2875  cls=0.5911  rmse=0.4820  acc=0.992  (13.1s)
[23:19:32]   Epoch 009 [ 150/1245]  loss=-1.1002  reg=-1.2807  cls=0.6017  rmse=0.4856  acc=0.977  (13.3s)
[23:19:45]   Epoch 009 [ 200/1245]  loss=-1.1388  reg=-1.3178  cls=0.5967  rmse=0.4999  acc=0.969  (13.3s)
[23:19:58]   Epoch 009 [ 250/1245]  loss=-1.0170  reg=-1.1893  cls=0.5744  rmse=0.4916  acc=0.992  (13.3s)
[23:20:12]   Epoch 009 [ 300/1245]  loss=-1.0624  reg=-1.2397  cls=0.5909  rmse=0.4826  acc=0.984  (13.3s)
[23:20:25]   Epoch 009 [ 350/1245]  loss=-1.1135  reg=-1.2925  cls=0.5965  rmse=0.4871  acc=0.980  (13.2s)
[23:20:38]   Epoch 009 [ 400/1245]  loss=-1.1382  reg=-1.3234  cls=0.6174  rmse=0.4867  acc=0.965  (13.5s)
[23:20:51]   Epoch 009 [ 450/1245]  loss=-1.1293  reg=-1.2960  cls=0.5557  rmse=0.4871  acc=0.980  (13.1s)
[23:21:04]   Epoch 009 [ 500/1245]  loss=-1.0745  reg=-1.2533  cls=0.5957  rmse=0.5830  acc=0.973  (13.2s)
[23:21:18]   Epoch 009 [ 550/1245]  loss=-1.1276  reg=-1.3084  cls=0.6029  rmse=0.4783  acc=0.977  (13.4s)
[23:21:31]   Epoch 009 [ 600/1245]  loss=-1.1293  reg=-1.2990  cls=0.5655  rmse=0.4875  acc=0.984  (13.3s)
[23:21:44]   Epoch 009 [ 650/1245]  loss=-1.1331  reg=-1.3049  cls=0.5729  rmse=0.4906  acc=0.973  (13.1s)
[23:21:57]   Epoch 009 [ 700/1245]  loss=-1.1585  reg=-1.3324  cls=0.5798  rmse=0.4763  acc=0.969  (13.1s)
[23:22:10]   Epoch 009 [ 750/1245]  loss=-1.1546  reg=-1.3185  cls=0.5463  rmse=0.4954  acc=0.996  (13.1s)
[23:22:23]   Epoch 009 [ 800/1245]  loss=-1.0950  reg=-1.2800  cls=0.6166  rmse=0.4782  acc=0.969  (13.1s)
[23:22:37]   Epoch 009 [ 850/1245]  loss=-1.0984  reg=-1.2766  cls=0.5939  rmse=0.4961  acc=0.977  (13.2s)
[23:22:50]   Epoch 009 [ 900/1245]  loss=-1.0814  reg=-1.2751  cls=0.6459  rmse=0.4849  acc=0.969  (13.1s)
[23:23:03]   Epoch 009 [ 950/1245]  loss=-1.1341  reg=-1.2979  cls=0.5459  rmse=0.4814  acc=0.996  (13.1s)
[23:23:16]   Epoch 009 [1000/1245]  loss=-1.1029  reg=-1.2761  cls=0.5773  rmse=0.4878  acc=0.973  (13.3s)
[23:23:30]   Epoch 009 [1050/1245]  loss=-1.1189  reg=-1.2856  cls=0.5559  rmse=0.4938  acc=0.992  (13.4s)
[23:23:43]   Epoch 009 [1100/1245]  loss=-1.0217  reg=-1.2027  cls=0.6032  rmse=0.4900  acc=0.977  (13.5s)
[23:23:57]   Epoch 009 [1150/1245]  loss=-1.1533  reg=-1.3221  cls=0.5626  rmse=0.4775  acc=0.988  (13.8s)
[23:24:11]   Epoch 009 [1200/1245]  loss=-1.1150  reg=-1.2880  cls=0.5766  rmse=0.4881  acc=0.984  (14.5s)
[23:24:32] Epoch 009/100  lr=9.80e-04  train[loss=-1.1104  reg=-1.2889  cls=0.5952  rmse=0.4903]  val[loss=-1.1761  reg=-1.4003  rmse=0.4611  rmse_xyz=(0.4768,0.6375,0.0154)  acc=0.959]  (346.7s)
[23:24:32]   체크포인트 저장: runs\exp01\checkpoints\best.pth
[23:24:52]   Epoch 010 [  50/1245]  loss=-1.1407  reg=-1.3145  cls=0.5794  rmse=0.4973  acc=0.992  (19.8s)
[23:25:06]   Epoch 010 [ 100/1245]  loss=-1.0856  reg=-1.2672  cls=0.6053  rmse=0.4942  acc=0.980  (13.4s)
[23:25:19]   Epoch 010 [ 150/1245]  loss=-1.1348  reg=-1.2999  cls=0.5503  rmse=0.4887  acc=0.996  (13.2s)
[23:25:32]   Epoch 010 [ 200/1245]  loss=-1.0732  reg=-1.2495  cls=0.5875  rmse=0.4857  acc=0.988  (13.1s)
[23:25:45]   Epoch 010 [ 250/1245]  loss=-1.1261  reg=-1.3080  cls=0.6063  rmse=0.4813  acc=0.973  (13.3s)
[23:25:58]   Epoch 010 [ 300/1245]  loss=-1.1890  reg=-1.3560  cls=0.5568  rmse=0.4962  acc=0.980  (13.3s)
[23:26:12]   Epoch 010 [ 350/1245]  loss=-1.1532  reg=-1.3271  cls=0.5797  rmse=0.4848  acc=0.973  (13.3s)
[23:26:25]   Epoch 010 [ 400/1245]  loss=-1.1020  reg=-1.2714  cls=0.5648  rmse=0.5081  acc=0.992  (13.2s)
[23:26:38]   Epoch 010 [ 450/1245]  loss=-1.1026  reg=-1.2800  cls=0.5916  rmse=0.4969  acc=0.977  (13.2s)
[23:26:51]   Epoch 010 [ 500/1245]  loss=-1.1578  reg=-1.3379  cls=0.6003  rmse=0.4739  acc=0.984  (13.1s)
[23:27:04]   Epoch 010 [ 550/1245]  loss=-1.0673  reg=-1.2464  cls=0.5972  rmse=0.4961  acc=0.980  (13.0s)
[23:27:17]   Epoch 010 [ 600/1245]  loss=-1.1137  reg=-1.2884  cls=0.5822  rmse=0.4923  acc=0.965  (12.9s)
[23:27:30]   Epoch 010 [ 650/1245]  loss=-1.1409  reg=-1.3195  cls=0.5953  rmse=0.4894  acc=0.973  (13.1s)
[23:27:44]   Epoch 010 [ 700/1245]  loss=-1.0499  reg=-1.2338  cls=0.6128  rmse=0.4912  acc=0.984  (13.2s)
[23:27:58]   Epoch 010 [ 750/1245]  loss=-1.0245  reg=-1.2006  cls=0.5871  rmse=0.4903  acc=0.992  (14.1s)
[23:28:13]   Epoch 010 [ 800/1245]  loss=-1.1162  reg=-1.2984  cls=0.6071  rmse=0.5041  acc=0.977  (15.1s)
[23:28:27]   Epoch 010 [ 850/1245]  loss=-1.0351  reg=-1.2110  cls=0.5863  rmse=0.4978  acc=0.992  (14.7s)
[23:28:42]   Epoch 010 [ 900/1245]  loss=-1.1104  reg=-1.2875  cls=0.5902  rmse=0.4911  acc=0.977  (14.3s)
[23:28:56]   Epoch 010 [ 950/1245]  loss=-1.1208  reg=-1.2965  cls=0.5858  rmse=0.4677  acc=0.973  (14.2s)
[23:29:10]   Epoch 010 [1000/1245]  loss=-1.1297  reg=-1.2989  cls=0.5639  rmse=0.4842  acc=0.988  (14.2s)
[23:29:24]   Epoch 010 [1050/1245]  loss=-1.0839  reg=-1.2586  cls=0.5824  rmse=0.4808  acc=0.984  (14.1s)
[23:29:38]   Epoch 010 [1100/1245]  loss=-1.0903  reg=-1.2682  cls=0.5929  rmse=0.4918  acc=0.988  (14.1s)
[23:29:53]   Epoch 010 [1150/1245]  loss=-1.1758  reg=-1.3530  cls=0.5908  rmse=0.4778  acc=0.969  (14.2s)
[23:30:07]   Epoch 010 [1200/1245]  loss=-1.1486  reg=-1.3191  cls=0.5684  rmse=0.4755  acc=0.988  (14.2s)
[23:30:27] Epoch 010/100  lr=9.76e-04  train[loss=-1.1192  reg=-1.2964  cls=0.5905  rmse=0.4900]  val[loss=-1.1581  reg=-1.3772  rmse=0.4609  rmse_xyz=(0.4764,0.6374,0.0163)  acc=0.967]  (355.0s)
[23:30:27]   per-class acc: noise=0.934  handbag=0.944  handheld=0.980  pocket=0.990  running=0.981  slow_walking=0.977  trolley=1.000
[23:30:27]   체크포인트 저장: runs\exp01\checkpoints\epoch_010.pth
[23:30:47]   Epoch 011 [  50/1245]  loss=-1.1351  reg=-1.3169  cls=0.6059  rmse=0.4871  acc=0.980  (19.2s)
[23:31:00]   Epoch 011 [ 100/1245]  loss=-1.1385  reg=-1.3125  cls=0.5803  rmse=0.4873  acc=0.984  (13.0s)
[23:31:13]   Epoch 011 [ 150/1245]  loss=-1.1376  reg=-1.3120  cls=0.5815  rmse=0.4831  acc=0.992  (12.9s)
[23:31:26]   Epoch 011 [ 200/1245]  loss=-1.1007  reg=-1.2677  cls=0.5567  rmse=0.4968  acc=1.000  (13.0s)
[23:31:38]   Epoch 011 [ 250/1245]  loss=-1.0994  reg=-1.2831  cls=0.6121  rmse=0.4870  acc=0.977  (12.9s)
[23:31:52]   Epoch 011 [ 300/1245]  loss=-1.1453  reg=-1.3229  cls=0.5921  rmse=0.4848  acc=0.984  (13.0s)
[23:32:05]   Epoch 011 [ 350/1245]  loss=-1.0600  reg=-1.2266  cls=0.5553  rmse=0.4892  acc=0.988  (13.0s)
[23:32:17]   Epoch 011 [ 400/1245]  loss=-1.1203  reg=-1.3143  cls=0.6467  rmse=0.4763  acc=0.969  (12.9s)
[23:32:30]   Epoch 011 [ 450/1245]  loss=-1.1216  reg=-1.2915  cls=0.5662  rmse=0.4900  acc=0.977  (13.0s)
[23:32:43]   Epoch 011 [ 500/1245]  loss=-1.1052  reg=-1.2947  cls=0.6315  rmse=0.4859  acc=0.988  (13.0s)
[23:32:56]   Epoch 011 [ 550/1245]  loss=-1.1824  reg=-1.3718  cls=0.6312  rmse=0.4735  acc=0.977  (12.9s)
[23:33:09]   Epoch 011 [ 600/1245]  loss=-1.1080  reg=-1.2987  cls=0.6357  rmse=0.4981  acc=0.988  (13.1s)
[23:33:22]   Epoch 011 [ 650/1245]  loss=-1.1357  reg=-1.3033  cls=0.5589  rmse=0.5001  acc=0.969  (13.0s)
[23:33:36]   Epoch 011 [ 700/1245]  loss=-1.1225  reg=-1.2972  cls=0.5824  rmse=0.4931  acc=0.977  (13.1s)
[23:33:48]   Epoch 011 [ 750/1245]  loss=-1.1082  reg=-1.2753  cls=0.5570  rmse=0.4967  acc=0.988  (12.9s)
[23:34:02]   Epoch 011 [ 800/1245]  loss=-1.1220  reg=-1.2901  cls=0.5602  rmse=0.4866  acc=0.988  (13.1s)
[23:34:14]   Epoch 011 [ 850/1245]  loss=-1.0967  reg=-1.2745  cls=0.5927  rmse=0.4939  acc=0.984  (12.9s)
[23:34:28]   Epoch 011 [ 900/1245]  loss=-1.1288  reg=-1.3020  cls=0.5774  rmse=0.4928  acc=0.996  (13.1s)
[23:34:41]   Epoch 011 [ 950/1245]  loss=-1.1472  reg=-1.3202  cls=0.5767  rmse=0.4922  acc=0.988  (12.9s)
[23:34:54]   Epoch 011 [1000/1245]  loss=-1.1625  reg=-1.3368  cls=0.5810  rmse=0.4818  acc=0.984  (13.0s)
[23:35:07]   Epoch 011 [1050/1245]  loss=-1.1581  reg=-1.3545  cls=0.6548  rmse=0.4895  acc=0.965  (13.0s)
[23:35:20]   Epoch 011 [1100/1245]  loss=-1.1860  reg=-1.3526  cls=0.5553  rmse=0.4877  acc=0.992  (13.0s)
[23:35:33]   Epoch 011 [1150/1245]  loss=-1.1180  reg=-1.2868  cls=0.5627  rmse=0.4917  acc=0.977  (13.0s)
[23:35:46]   Epoch 011 [1200/1245]  loss=-1.1306  reg=-1.3003  cls=0.5654  rmse=0.4913  acc=0.992  (13.0s)
[23:36:06] Epoch 011/100  lr=9.70e-04  train[loss=-1.1256  reg=-1.3025  cls=0.5898  rmse=0.4895]  val[loss=-1.1733  reg=-1.3977  rmse=0.4617  rmse_xyz=(0.4789,0.6372,0.0151)  acc=0.958]  (338.8s)
[23:36:26]   Epoch 012 [  50/1245]  loss=-1.1357  reg=-1.3143  cls=0.5954  rmse=0.4948  acc=0.980  (19.9s)
[23:36:39]   Epoch 012 [ 100/1245]  loss=-1.1524  reg=-1.3308  cls=0.5948  rmse=0.4878  acc=0.996  (13.2s)
[23:36:53]   Epoch 012 [ 150/1245]  loss=-1.1071  reg=-1.2962  cls=0.6303  rmse=0.4867  acc=0.980  (13.3s)
[23:37:06]   Epoch 012 [ 200/1245]  loss=-1.1248  reg=-1.3054  cls=0.6019  rmse=0.4924  acc=0.988  (13.4s)
[23:37:20]   Epoch 012 [ 250/1245]  loss=-1.1836  reg=-1.3519  cls=0.5609  rmse=0.4910  acc=0.984  (13.5s)
[23:37:33]   Epoch 012 [ 300/1245]  loss=-1.1725  reg=-1.3414  cls=0.5628  rmse=0.4868  acc=0.992  (13.5s)
[23:37:47]   Epoch 012 [ 350/1245]  loss=-1.1133  reg=-1.2961  cls=0.6094  rmse=0.4834  acc=0.973  (13.4s)
[23:38:00]   Epoch 012 [ 400/1245]  loss=-1.1783  reg=-1.3580  cls=0.5990  rmse=0.4838  acc=0.988  (13.2s)
[23:38:13]   Epoch 012 [ 450/1245]  loss=-1.1156  reg=-1.2915  cls=0.5863  rmse=0.4672  acc=0.996  (13.2s)
[23:38:26]   Epoch 012 [ 500/1245]  loss=-1.1406  reg=-1.3256  cls=0.6166  rmse=0.4791  acc=0.988  (13.1s)
[23:38:39]   Epoch 012 [ 550/1245]  loss=-1.1913  reg=-1.3585  cls=0.5572  rmse=0.4763  acc=0.988  (13.3s)
[23:38:53]   Epoch 012 [ 600/1245]  loss=-1.0860  reg=-1.2658  cls=0.5994  rmse=0.4805  acc=0.980  (13.3s)
[23:39:06]   Epoch 012 [ 650/1245]  loss=-1.1429  reg=-1.3202  cls=0.5911  rmse=0.4912  acc=0.977  (13.3s)
[23:39:20]   Epoch 012 [ 700/1245]  loss=-1.1383  reg=-1.3248  cls=0.6215  rmse=0.4854  acc=0.996  (14.2s)
[23:39:34]   Epoch 012 [ 750/1245]  loss=-1.1402  reg=-1.3330  cls=0.6426  rmse=0.4864  acc=0.965  (13.4s)
[23:39:47]   Epoch 012 [ 800/1245]  loss=-1.1464  reg=-1.3252  cls=0.5959  rmse=0.4928  acc=0.984  (13.3s)
[23:40:00]   Epoch 012 [ 850/1245]  loss=-1.1222  reg=-1.3077  cls=0.6185  rmse=0.4921  acc=0.973  (13.2s)
[23:40:13]   Epoch 012 [ 900/1245]  loss=-1.1439  reg=-1.3333  cls=0.6312  rmse=0.4783  acc=0.973  (13.3s)
[23:40:27]   Epoch 012 [ 950/1245]  loss=-1.1616  reg=-1.3487  cls=0.6236  rmse=0.4826  acc=0.969  (13.2s)
[23:40:40]   Epoch 012 [1000/1245]  loss=-1.1154  reg=-1.2820  cls=0.5554  rmse=0.4929  acc=0.984  (13.2s)
[23:40:53]   Epoch 012 [1050/1245]  loss=-1.1312  reg=-1.3039  cls=0.5757  rmse=0.4886  acc=0.973  (13.3s)
[23:41:06]   Epoch 012 [1100/1245]  loss=-1.0958  reg=-1.2814  cls=0.6185  rmse=0.4802  acc=0.980  (13.3s)
[23:41:20]   Epoch 012 [1150/1245]  loss=-1.0543  reg=-1.2301  cls=0.5860  rmse=0.4807  acc=0.973  (13.2s)
[23:41:33]   Epoch 012 [1200/1245]  loss=-1.1800  reg=-1.3647  cls=0.6156  rmse=0.4911  acc=0.980  (13.2s)
[23:41:54] Epoch 012/100  lr=9.65e-04  train[loss=-1.1409  reg=-1.3170  cls=0.5871  rmse=0.4888]  val[loss=-1.1787  reg=-1.4055  rmse=0.4599  rmse_xyz=(0.4737,0.6374,0.0154)  acc=0.954]  (347.3s)
[23:41:54]   체크포인트 저장: runs\exp01\checkpoints\best.pth
[23:42:13]   Epoch 013 [  50/1245]  loss=-1.1088  reg=-1.2783  cls=0.5649  rmse=0.4789  acc=0.984  (19.4s)
[23:42:26]   Epoch 013 [ 100/1245]  loss=-1.1714  reg=-1.3342  cls=0.5427  rmse=0.4938  acc=0.988  (13.2s)
[23:42:39]   Epoch 013 [ 150/1245]  loss=-1.1742  reg=-1.3557  cls=0.6048  rmse=0.4745  acc=0.973  (13.3s)
[23:42:53]   Epoch 013 [ 200/1245]  loss=-1.0928  reg=-1.2708  cls=0.5935  rmse=0.4995  acc=0.984  (13.2s)
[23:43:06]   Epoch 013 [ 250/1245]  loss=-1.1332  reg=-1.3243  cls=0.6367  rmse=0.4754  acc=0.977  (13.2s)
[23:43:19]   Epoch 013 [ 300/1245]  loss=-1.1552  reg=-1.3363  cls=0.6037  rmse=0.4787  acc=1.000  (13.2s)
[23:43:32]   Epoch 013 [ 350/1245]  loss=-1.1229  reg=-1.2945  cls=0.5720  rmse=0.4867  acc=0.988  (13.2s)
[23:43:45]   Epoch 013 [ 400/1245]  loss=-1.1511  reg=-1.3181  cls=0.5567  rmse=0.4861  acc=0.996  (13.1s)
[23:43:58]   Epoch 013 [ 450/1245]  loss=-1.0996  reg=-1.2865  cls=0.6230  rmse=0.5001  acc=0.977  (13.1s)
[23:44:12]   Epoch 013 [ 500/1245]  loss=-1.1265  reg=-1.3040  cls=0.5918  rmse=0.4914  acc=0.973  (13.2s)
[23:44:25]   Epoch 013 [ 550/1245]  loss=-1.1838  reg=-1.3517  cls=0.5594  rmse=0.4838  acc=0.996  (13.2s)
[23:44:38]   Epoch 013 [ 600/1245]  loss=-1.1233  reg=-1.2948  cls=0.5715  rmse=0.4895  acc=0.988  (13.2s)
[23:44:51]   Epoch 013 [ 650/1245]  loss=-1.1478  reg=-1.3245  cls=0.5890  rmse=0.4840  acc=0.980  (13.2s)
[23:45:04]   Epoch 013 [ 700/1245]  loss=-1.1826  reg=-1.3666  cls=0.6135  rmse=0.4804  acc=0.977  (13.2s)
[23:45:18]   Epoch 013 [ 750/1245]  loss=-1.1467  reg=-1.3201  cls=0.5780  rmse=0.4725  acc=0.980  (13.2s)
[23:45:31]   Epoch 013 [ 800/1245]  loss=-1.2321  reg=-1.4024  cls=0.5678  rmse=0.4789  acc=0.992  (13.1s)
[23:45:44]   Epoch 013 [ 850/1245]  loss=-1.1649  reg=-1.3512  cls=0.6210  rmse=0.4745  acc=0.973  (13.2s)
[23:45:57]   Epoch 013 [ 900/1245]  loss=-1.1867  reg=-1.3566  cls=0.5662  rmse=0.4800  acc=0.984  (13.3s)
[23:46:10]   Epoch 013 [ 950/1245]  loss=-1.1192  reg=-1.2902  cls=0.5700  rmse=0.4878  acc=0.988  (13.2s)
[23:46:24]   Epoch 013 [1000/1245]  loss=-1.2164  reg=-1.3848  cls=0.5615  rmse=0.4818  acc=0.996  (13.1s)
[23:46:37]   Epoch 013 [1050/1245]  loss=-1.1465  reg=-1.3275  cls=0.6034  rmse=0.4767  acc=0.988  (13.3s)
[23:46:50]   Epoch 013 [1100/1245]  loss=-1.1316  reg=-1.3079  cls=0.5876  rmse=0.4871  acc=0.969  (13.2s)
[23:47:03]   Epoch 013 [1150/1245]  loss=-1.1712  reg=-1.3343  cls=0.5435  rmse=0.4810  acc=0.992  (13.2s)
[23:47:16]   Epoch 013 [1200/1245]  loss=-1.1292  reg=-1.2948  cls=0.5520  rmse=0.4925  acc=0.988  (13.2s)
[23:47:37] Epoch 013/100  lr=9.59e-04  train[loss=-1.1460  reg=-1.3218  cls=0.5859  rmse=0.4882]  val[loss=-1.1814  reg=-1.4013  rmse=0.4612  rmse_xyz=(0.4769,0.6375,0.0154)  acc=0.966]  (343.6s)
[23:47:37]   체크포인트 저장: runs\exp01\checkpoints\best.pth
[23:47:57]   Epoch 014 [  50/1245]  loss=-1.1696  reg=-1.3476  cls=0.5933  rmse=0.4861  acc=0.969  (19.5s)
[23:48:10]   Epoch 014 [ 100/1245]  loss=-1.1702  reg=-1.3407  cls=0.5682  rmse=0.4825  acc=0.984  (13.2s)
[23:48:23]   Epoch 014 [ 150/1245]  loss=-1.1004  reg=-1.2797  cls=0.5977  rmse=0.5429  acc=0.980  (13.2s)
[23:48:36]   Epoch 014 [ 200/1245]  loss=-1.1603  reg=-1.3332  cls=0.5766  rmse=0.4893  acc=0.996  (13.2s)
[23:48:50]   Epoch 014 [ 250/1245]  loss=-1.1750  reg=-1.3470  cls=0.5735  rmse=0.4877  acc=0.992  (13.2s)
[23:49:03]   Epoch 014 [ 300/1245]  loss=-1.1426  reg=-1.3245  cls=0.6063  rmse=0.4919  acc=0.977  (13.2s)
[23:49:16]   Epoch 014 [ 350/1245]  loss=-1.1841  reg=-1.3456  cls=0.5385  rmse=0.4858  acc=0.996  (13.3s)
[23:49:29]   Epoch 014 [ 400/1245]  loss=-1.2013  reg=-1.3679  cls=0.5554  rmse=0.4799  acc=0.984  (13.1s)
[23:49:42]   Epoch 014 [ 450/1245]  loss=-1.1896  reg=-1.3638  cls=0.5809  rmse=0.4910  acc=0.980  (13.2s)
[23:49:56]   Epoch 014 [ 500/1245]  loss=-1.1146  reg=-1.2800  cls=0.5516  rmse=0.4856  acc=0.988  (13.3s)
[23:50:09]   Epoch 014 [ 550/1245]  loss=-1.1427  reg=-1.3315  cls=0.6291  rmse=0.4772  acc=0.984  (13.2s)
[23:50:22]   Epoch 014 [ 600/1245]  loss=-1.1611  reg=-1.3304  cls=0.5643  rmse=0.4751  acc=0.984  (13.2s)
[23:50:35]   Epoch 014 [ 650/1245]  loss=-1.1927  reg=-1.3604  cls=0.5593  rmse=0.4781  acc=0.992  (13.2s)
[23:50:49]   Epoch 014 [ 700/1245]  loss=-1.1444  reg=-1.3224  cls=0.5932  rmse=0.4816  acc=0.980  (13.2s)
[23:51:02]   Epoch 014 [ 750/1245]  loss=-1.1250  reg=-1.2916  cls=0.5555  rmse=0.4881  acc=0.980  (13.2s)
[23:51:15]   Epoch 014 [ 800/1245]  loss=-1.0494  reg=-1.2284  cls=0.5969  rmse=0.4841  acc=0.980  (13.2s)
[23:51:28]   Epoch 014 [ 850/1245]  loss=-1.1584  reg=-1.3303  cls=0.5732  rmse=0.4851  acc=1.000  (13.2s)
[23:51:42]   Epoch 014 [ 900/1245]  loss=-1.0954  reg=-1.2738  cls=0.5949  rmse=0.4847  acc=0.969  (13.3s)
[23:51:55]   Epoch 014 [ 950/1245]  loss=-1.1785  reg=-1.3572  cls=0.5954  rmse=0.4875  acc=0.992  (13.3s)
[23:52:08]   Epoch 014 [1000/1245]  loss=-1.1395  reg=-1.3265  cls=0.6231  rmse=0.4938  acc=0.992  (13.2s)
[23:52:21]   Epoch 014 [1050/1245]  loss=-1.1936  reg=-1.3613  cls=0.5592  rmse=0.4758  acc=0.996  (13.2s)
[23:52:34]   Epoch 014 [1100/1245]  loss=-1.1682  reg=-1.3434  cls=0.5838  rmse=0.4918  acc=0.984  (13.2s)
[23:52:48]   Epoch 014 [1150/1245]  loss=-1.2328  reg=-1.3952  cls=0.5414  rmse=0.4753  acc=0.988  (13.3s)
[23:53:01]   Epoch 014 [1200/1245]  loss=-1.1371  reg=-1.3244  cls=0.6242  rmse=0.4869  acc=0.992  (13.2s)
[23:53:22] Epoch 014/100  lr=9.52e-04  train[loss=-1.1536  reg=-1.3292  cls=0.5851  rmse=0.4875]  val[loss=-1.0952  reg=-1.3148  rmse=0.4599  rmse_xyz=(0.4739,0.6371,0.0180)  acc=0.966]  (344.4s)
[23:53:41]   Epoch 015 [  50/1245]  loss=-1.1910  reg=-1.3736  cls=0.6089  rmse=0.4844  acc=0.977  (19.4s)
[23:53:54]   Epoch 015 [ 100/1245]  loss=-1.1585  reg=-1.3286  cls=0.5671  rmse=0.4803  acc=1.000  (13.2s)
[23:54:07]   Epoch 015 [ 150/1245]  loss=-1.1702  reg=-1.3462  cls=0.5866  rmse=0.4873  acc=0.992  (13.2s)
[23:54:21]   Epoch 015 [ 200/1245]  loss=-1.1783  reg=-1.3533  cls=0.5834  rmse=0.4881  acc=0.988  (13.2s)
[23:54:34]   Epoch 015 [ 250/1245]  loss=-1.2027  reg=-1.3778  cls=0.5839  rmse=0.4847  acc=0.973  (13.2s)
[23:54:47]   Epoch 015 [ 300/1245]  loss=-1.2237  reg=-1.4009  cls=0.5906  rmse=0.4657  acc=0.984  (13.2s)
[23:55:00]   Epoch 015 [ 350/1245]  loss=-1.2074  reg=-1.3822  cls=0.5829  rmse=0.4778  acc=0.988  (13.2s)
[23:55:13]   Epoch 015 [ 400/1245]  loss=-1.1078  reg=-1.2847  cls=0.5895  rmse=0.4942  acc=0.965  (13.2s)
[23:55:27]   Epoch 015 [ 450/1245]  loss=-1.1806  reg=-1.3435  cls=0.5431  rmse=0.4784  acc=0.984  (13.1s)
[23:55:40]   Epoch 015 [ 500/1245]  loss=-1.1802  reg=-1.3483  cls=0.5605  rmse=0.4833  acc=0.988  (13.2s)
[23:55:53]   Epoch 015 [ 550/1245]  loss=-1.2278  reg=-1.4089  cls=0.6036  rmse=0.4767  acc=0.977  (13.2s)
[23:56:06]   Epoch 015 [ 600/1245]  loss=-1.1406  reg=-1.3164  cls=0.5859  rmse=0.4947  acc=0.992  (13.3s)
[23:56:20]   Epoch 015 [ 650/1245]  loss=-1.1768  reg=-1.3535  cls=0.5890  rmse=0.4867  acc=0.992  (13.3s)
[23:56:33]   Epoch 015 [ 700/1245]  loss=-1.1630  reg=-1.3396  cls=0.5885  rmse=0.4841  acc=0.988  (13.2s)
[23:56:46]   Epoch 015 [ 750/1245]  loss=-1.1601  reg=-1.3413  cls=0.6039  rmse=0.4915  acc=0.988  (13.2s)
[23:56:59]   Epoch 015 [ 800/1245]  loss=-1.1180  reg=-1.3042  cls=0.6204  rmse=0.5038  acc=0.980  (13.3s)
[23:57:12]   Epoch 015 [ 850/1245]  loss=-1.1268  reg=-1.3005  cls=0.5790  rmse=0.4878  acc=0.980  (13.3s)
[23:57:26]   Epoch 015 [ 900/1245]  loss=-1.1750  reg=-1.3488  cls=0.5793  rmse=0.4819  acc=0.996  (13.3s)
[23:57:39]   Epoch 015 [ 950/1245]  loss=-1.1973  reg=-1.3685  cls=0.5707  rmse=0.4808  acc=0.988  (13.3s)
[23:57:52]   Epoch 015 [1000/1245]  loss=-1.1368  reg=-1.3054  cls=0.5621  rmse=0.4910  acc=0.992  (13.2s)
[23:58:05]   Epoch 015 [1050/1245]  loss=-1.1258  reg=-1.3026  cls=0.5894  rmse=0.4973  acc=0.984  (13.2s)
[23:58:19]   Epoch 015 [1100/1245]  loss=-1.1553  reg=-1.3262  cls=0.5699  rmse=0.4742  acc=0.984  (13.3s)
[23:58:32]   Epoch 015 [1150/1245]  loss=-1.1894  reg=-1.3578  cls=0.5614  rmse=0.4887  acc=0.984  (13.3s)
[23:58:45]   Epoch 015 [1200/1245]  loss=-1.0853  reg=-1.2655  cls=0.6007  rmse=0.4803  acc=0.977  (13.3s)
[23:59:06] Epoch 015/100  lr=9.46e-04  train[loss=-1.1706  reg=-1.3453  cls=0.5826  rmse=0.4866]  val[loss=-1.1953  reg=-1.4166  rmse=0.4598  rmse_xyz=(0.4733,0.6373,0.0150)  acc=0.964]  (344.5s)
[23:59:06]   per-class acc: noise=0.927  handbag=0.944  handheld=0.981  pocket=0.987  running=0.988  slow_walking=0.969  trolley=1.000
[23:59:06]   체크포인트 저장: runs\exp01\checkpoints\best.pth
[23:59:26]   Epoch 016 [  50/1245]  loss=-1.1750  reg=-1.3527  cls=0.5923  rmse=0.4722  acc=0.988  (19.5s)
[23:59:39]   Epoch 016 [ 100/1245]  loss=-1.2226  reg=-1.3986  cls=0.5865  rmse=0.4761  acc=0.977  (13.3s)
[23:59:52]   Epoch 016 [ 150/1245]  loss=-1.1897  reg=-1.3640  cls=0.5807  rmse=0.4755  acc=0.992  (13.3s)
[00:00:05]   Epoch 016 [ 200/1245]  loss=-1.0565  reg=-1.2275  cls=0.5701  rmse=0.4923  acc=1.000  (13.2s)
[00:00:19]   Epoch 016 [ 250/1245]  loss=-1.1422  reg=-1.3099  cls=0.5592  rmse=0.4716  acc=0.996  (13.2s)
[00:00:32]   Epoch 016 [ 300/1245]  loss=-1.1292  reg=-1.3060  cls=0.5891  rmse=0.5223  acc=0.988  (13.3s)
[00:00:45]   Epoch 016 [ 350/1245]  loss=-1.1351  reg=-1.3182  cls=0.6106  rmse=0.4814  acc=0.980  (13.3s)
[00:00:59]   Epoch 016 [ 400/1245]  loss=-1.0862  reg=-1.2728  cls=0.6220  rmse=0.4917  acc=0.977  (13.3s)
[00:01:12]   Epoch 016 [ 450/1245]  loss=-1.1609  reg=-1.3514  cls=0.6349  rmse=0.4794  acc=0.973  (13.3s)
[00:01:25]   Epoch 016 [ 500/1245]  loss=-1.1671  reg=-1.3445  cls=0.5912  rmse=0.4882  acc=0.984  (13.2s)
[00:01:38]   Epoch 016 [ 550/1245]  loss=-1.2429  reg=-1.4135  cls=0.5686  rmse=0.4791  acc=0.988  (13.1s)
[00:01:52]   Epoch 016 [ 600/1245]  loss=-1.1433  reg=-1.3208  cls=0.5917  rmse=0.4807  acc=0.977  (13.4s)
[00:02:05]   Epoch 016 [ 650/1245]  loss=-1.1712  reg=-1.3418  cls=0.5685  rmse=0.4911  acc=0.996  (13.3s)
[00:02:18]   Epoch 016 [ 700/1245]  loss=-0.8525  reg=-1.0245  cls=0.5733  rmse=0.4893  acc=0.988  (13.2s)
[00:02:31]   Epoch 016 [ 750/1245]  loss=-1.2252  reg=-1.3952  cls=0.5669  rmse=0.4737  acc=0.980  (13.2s)
[00:02:44]   Epoch 016 [ 800/1245]  loss=-1.1850  reg=-1.3555  cls=0.5684  rmse=0.4892  acc=0.988  (13.3s)
[00:02:58]   Epoch 016 [ 850/1245]  loss=-1.1898  reg=-1.3608  cls=0.5698  rmse=0.4922  acc=1.000  (13.2s)
[00:03:11]   Epoch 016 [ 900/1245]  loss=-1.1844  reg=-1.3686  cls=0.6138  rmse=0.4890  acc=0.992  (13.3s)
[00:03:24]   Epoch 016 [ 950/1245]  loss=-1.2022  reg=-1.3741  cls=0.5732  rmse=0.4970  acc=0.992  (13.2s)
[00:03:38]   Epoch 016 [1000/1245]  loss=-1.1310  reg=-1.3192  cls=0.6275  rmse=0.4844  acc=0.984  (13.3s)
[00:03:51]   Epoch 016 [1050/1245]  loss=-1.1544  reg=-1.3406  cls=0.6209  rmse=0.4925  acc=0.984  (13.2s)
[00:04:04]   Epoch 016 [1100/1245]  loss=-1.2221  reg=-1.3881  cls=0.5535  rmse=0.4712  acc=0.988  (13.2s)
[00:04:17]   Epoch 016 [1150/1245]  loss=-1.1590  reg=-1.3245  cls=0.5519  rmse=0.4921  acc=0.988  (13.3s)
[00:04:31]   Epoch 016 [1200/1245]  loss=-1.2007  reg=-1.3756  cls=0.5831  rmse=0.4726  acc=0.996  (13.2s)
[00:04:51] Epoch 016/100  lr=9.38e-04  train[loss=-1.1758  reg=-1.3501  cls=0.5811  rmse=0.4860]  val[loss=-1.1982  reg=-1.4167  rmse=0.4593  rmse_xyz=(0.4718,0.6374,0.0152)  acc=0.968]  (345.2s)
[00:04:51]   체크포인트 저장: runs\exp01\checkpoints\best.pth
[00:05:11]   Epoch 017 [  50/1245]  loss=-1.2497  reg=-1.4185  cls=0.5627  rmse=0.4760  acc=0.988  (19.5s)
[00:05:24]   Epoch 017 [ 100/1245]  loss=-1.2303  reg=-1.4123  cls=0.6067  rmse=0.4694  acc=0.969  (13.4s)
[00:05:38]   Epoch 017 [ 150/1245]  loss=-1.1624  reg=-1.3425  cls=0.6002  rmse=0.4865  acc=0.992  (13.2s)
[00:05:51]   Epoch 017 [ 200/1245]  loss=-1.2102  reg=-1.3856  cls=0.5848  rmse=0.4825  acc=0.984  (13.3s)
[00:06:04]   Epoch 017 [ 250/1245]  loss=-1.1347  reg=-1.3056  cls=0.5699  rmse=0.4771  acc=0.996  (13.2s)
[00:06:17]   Epoch 017 [ 300/1245]  loss=-1.2615  reg=-1.4454  cls=0.6133  rmse=0.4658  acc=0.977  (13.3s)
[00:06:31]   Epoch 017 [ 350/1245]  loss=-1.1998  reg=-1.3642  cls=0.5478  rmse=0.4790  acc=0.992  (13.3s)
[00:06:44]   Epoch 017 [ 400/1245]  loss=-1.1751  reg=-1.3411  cls=0.5532  rmse=0.4917  acc=0.992  (13.3s)
[00:06:57]   Epoch 017 [ 450/1245]  loss=-1.2166  reg=-1.3918  cls=0.5837  rmse=0.4701  acc=0.984  (13.3s)
[00:07:10]   Epoch 017 [ 500/1245]  loss=-1.0663  reg=-1.2459  cls=0.5986  rmse=0.4851  acc=1.000  (13.2s)
[00:07:23]   Epoch 017 [ 550/1245]  loss=-1.1908  reg=-1.3577  cls=0.5564  rmse=0.4887  acc=0.992  (13.2s)
[00:07:37]   Epoch 017 [ 600/1245]  loss=-1.1514  reg=-1.3194  cls=0.5597  rmse=0.4833  acc=0.992  (13.3s)
[00:07:50]   Epoch 017 [ 650/1245]  loss=-1.1314  reg=-1.3183  cls=0.6228  rmse=0.4858  acc=0.988  (13.3s)
[00:08:03]   Epoch 017 [ 700/1245]  loss=-1.2120  reg=-1.3936  cls=0.6054  rmse=0.4748  acc=0.988  (13.3s)
[00:08:17]   Epoch 017 [ 750/1245]  loss=-1.1808  reg=-1.3518  cls=0.5700  rmse=0.4774  acc=0.988  (13.4s)
[00:08:30]   Epoch 017 [ 800/1245]  loss=-1.1389  reg=-1.3178  cls=0.5962  rmse=0.4782  acc=1.000  (13.3s)
[00:08:43]   Epoch 017 [ 850/1245]  loss=-1.1855  reg=-1.3705  cls=0.6166  rmse=0.4803  acc=0.984  (13.3s)
[00:08:57]   Epoch 017 [ 900/1245]  loss=-1.1872  reg=-1.3746  cls=0.6245  rmse=0.4745  acc=0.984  (13.2s)
[00:09:10]   Epoch 017 [ 950/1245]  loss=-1.2008  reg=-1.3802  cls=0.5979  rmse=0.4817  acc=0.977  (13.3s)
[00:09:23]   Epoch 017 [1000/1245]  loss=-1.1854  reg=-1.3562  cls=0.5692  rmse=0.4831  acc=0.977  (13.4s)
[00:09:36]   Epoch 017 [1050/1245]  loss=-1.1950  reg=-1.3638  cls=0.5629  rmse=0.4804  acc=0.992  (13.3s)
[00:09:50]   Epoch 017 [1100/1245]  loss=-1.2367  reg=-1.4081  cls=0.5711  rmse=0.4714  acc=0.992  (13.3s)
[00:10:03]   Epoch 017 [1150/1245]  loss=-1.1565  reg=-1.3339  cls=0.5914  rmse=0.4860  acc=0.984  (13.4s)
[00:10:16]   Epoch 017 [1200/1245]  loss=-1.2425  reg=-1.4210  cls=0.5948  rmse=0.4651  acc=0.988  (13.2s)
[00:10:37] Epoch 017/100  lr=9.30e-04  train[loss=-1.0692  reg=-1.2441  cls=0.5830  rmse=0.4853]  val[loss=-1.1160  reg=-1.3369  rmse=0.4595  rmse_xyz=(0.4722,0.6374,0.0167)  acc=0.965]  (345.7s)
[00:10:57]   Epoch 018 [  50/1245]  loss=-1.1797  reg=-1.3504  cls=0.5690  rmse=0.4730  acc=0.977  (19.4s)
